C:\Users\admin\Desktop\Morozov_labs_semestr_7-main\Logical\Global.typ
C:\Users\admin\Desktop\Morozov_labs_semestr_7-main\Logical\Global.var
C:\Users\admin\Desktop\Morozov_labs_semestr_7-main\Logical\Libraries\operator\operator.fun
C:\Users\admin\Desktop\Morozov_labs_semestr_7-main\Logical\Libraries\operator\operator.typ
C:\Users\admin\Desktop\Morozov_labs_semestr_7-main\Logical\Libraries\operator\operator.var
C:\Users\admin\Desktop\Morozov_labs_semestr_7-main\Logical\Libraries\runtime\runtime.fun
C:\Users\admin\Desktop\Morozov_labs_semestr_7-main\Logical\Libraries\runtime\runtime.typ
C:\Users\admin\Desktop\Morozov_labs_semestr_7-main\Logical\Libraries\runtime\runtime.var
C:\Users\admin\Desktop\Morozov_labs_semestr_7-main\Logical\Libraries\astime\astime.fun
C:\Users\admin\Desktop\Morozov_labs_semestr_7-main\Logical\Libraries\astime\astime.typ
C:\Users\admin\Desktop\Morozov_labs_semestr_7-main\Logical\Libraries\astime\astime.var
C:\Users\admin\Desktop\Morozov_labs_semestr_7-main\Logical\Libraries\AsIecCon\AsIecCon.fun
C:\Users\admin\Desktop\Morozov_labs_semestr_7-main\Logical\Libraries\AsIecCon\AsIecCon.typ
C:\Users\admin\Desktop\Morozov_labs_semestr_7-main\Logical\Libraries\AsIecCon\AsIecCon.var
C:\Users\admin\Desktop\Morozov_labs_semestr_7-main\Logical\Libraries\MotorCtrl\Types.typ
C:\Users\admin\Desktop\Morozov_labs_semestr_7-main\Logical\Libraries\MotorCtrl\Constants.var
C:\Users\admin\Desktop\Morozov_labs_semestr_7-main\Logical\Libraries\MotorCtrl\MotorCtrl.fun
